<html>
<body>
<pre>
<h1>µVision Build Log</h1>
<h2>Project:</h2>
D:\OneDrive\Desktop\miniprojects\RTC 2\RTCmatch.uvproj
Project File Date:  01/28/2022

<h2>Output:</h2>
Build target 'Target 1'
assembling Startup.s...
compiling RTCmatch.c...
RTCmatch.c: Error: C3065E: type of input file '2' unknown
Target not created
Build target 'Target 1'
assembling Startup.s...
compiling RTCmatch.c...
RTCmatch.c(48): warning:  #177-D: variable "flag" was declared but never referenced
RTCmatch.c(156): warning:  #1-D: last line of file ends without a newline
linking...
RTCmatch.axf: Error: L6218E: Undefined symbol Lcd_Cmd (referred from rtcmatch.o).
RTCmatch.axf: Error: L6218E: Undefined symbol Lcd_Init (referred from rtcmatch.o).
RTCmatch.axf: Error: L6218E: Undefined symbol Lcd_Write (referred from rtcmatch.o).
RTCmatch.axf: Error: L6218E: Undefined symbol Lcd_Write_Text (referred from rtcmatch.o).
Target not created
Build target 'Target 1'
assembling Startup.s...
compiling RTCmatch.c...
RTCmatch.c(48): warning:  #177-D: variable "flag" was declared but never referenced
RTCmatch.c(156): warning:  #1-D: last line of file ends without a newline
compiling LCD.c...
compiling Delays.c...
linking...
Program Size: Code=3592 RO-data=32 RW-data=12 ZI-data=1260  
FromELF: creating hex file...
"RTCmatch.axf" - 0 Error(s), 2 Warning(s).
Build target 'Target 1'
assembling Startup.s...
compiling RTCmatch.c...
RTCmatch.c(48): warning:  #177-D: variable "flag" was declared but never referenced
RTCmatch.c(156): warning:  #1-D: last line of file ends without a newline
compiling LCD.c...
compiling Delays.c...
linking...
Program Size: Code=3592 RO-data=32 RW-data=12 ZI-data=1260  
FromELF: creating hex file...
"RTCmatch.axf" - 0 Error(s), 2 Warning(s).
Build target 'Target 1'
assembling Startup.s...
compiling RTCmatch.c...
RTCmatch.c(48): warning:  #177-D: variable "flag" was declared but never referenced
RTCmatch.c(156): warning:  #1-D: last line of file ends without a newline
compiling LCD.c...
compiling Delays.c...
linking...
Program Size: Code=3592 RO-data=32 RW-data=12 ZI-data=1260  
FromELF: creating hex file...
"RTCmatch.axf" - 0 Error(s), 2 Warning(s).
